// Jest Snapshot v1, https://goo.gl/fbAQLP

exports[`snapshot 1`] = `
<div
  className="card"
>
  <h3>
    Title
  </h3>
</div>
`;
