// Jest Snapshot v1, https://goo.gl/fbAQLP

exports[`snapshot 1`] = `
<React.Fragment>
  <div
    className="grid "
  >
    <div />
    <div />
    <div />
  </div>
  <style>
    
          :root {
            ;
            ;
          }
        
  </style>
</React.Fragment>
`;
