// Jest Snapshot v1, https://goo.gl/fbAQLP

exports[`snapshot 1`] = `
<header
  className="header"
>
  <h1>
    HeaderBar Title
  </h1>
</header>
`;
